{"message":"Route Not Found","path":"/api/auth/login","method":"GET","timestamp":"2026-05-18T15:04:06.805Z","ip":"::ffff:127.0.0.1"}
{"message":"Route Not Found","path":"/api/auth/login","method":"GET","timestamp":"2026-05-18T15:09:33.281Z","ip":"::ffff:127.0.0.1"}
{"message":"Route Not Found","path":"/api/auth/login","method":"GET","timestamp":"2026-05-18T15:09:34.217Z","ip":"::ffff:127.0.0.1"}
{"message":"Route Not Found","path":"/api/auth/login","method":"GET","timestamp":"2026-05-18T15:09:35.160Z","ip":"::ffff:127.0.0.1"}
{"message":"Route Not Found","path":"/api/auth/login","method":"GET","timestamp":"2026-05-18T15:09:35.368Z","ip":"::ffff:127.0.0.1"}
{"message":"Route Not Found","path":"/api/auth/login","method":"GET","timestamp":"2026-05-18T15:09:35.568Z","ip":"::ffff:127.0.0.1"}
{"message":"Route Not Found","path":"/api/auth/login","method":"GET","timestamp":"2026-05-18T15:10:54.946Z","ip":"::ffff:127.0.0.1"}
{"message":"Route Not Found","path":"/api/admin/profile","method":"GET","timestamp":"2026-05-20T06:25:35.997Z","ip":"::1"}
{"message":"Route Not Found","path":"/api/admin/roles","method":"GET","timestamp":"2026-05-20T06:25:36.002Z","ip":"::1"}
{"message":"Route Not Found","path":"/api/activityLogs/activity","method":"GET","timestamp":"2026-05-20T06:25:36.004Z","ip":"::1"}
{"message":"Route Not Found","path":"/api/admin/profile","method":"GET","timestamp":"2026-05-20T06:25:36.007Z","ip":"::1"}
{"message":"Route Not Found","path":"/api/admin/roles","method":"GET","timestamp":"2026-05-20T06:25:36.010Z","ip":"::1"}
{"message":"Route Not Found","path":"/api/activityLogs/activity","method":"GET","timestamp":"2026-05-20T06:25:36.012Z","ip":"::1"}
{"message":"Route Not Found","path":"/api/admin/security","method":"GET","timestamp":"2026-05-20T06:25:38.370Z","ip":"::1"}
{"message":"Route Not Found","path":"/api/admin/roles","method":"GET","timestamp":"2026-05-20T06:26:50.488Z","ip":"::1"}
{"message":"Route Not Found","path":"/api/admin/roles","method":"GET","timestamp":"2026-05-20T06:26:50.497Z","ip":"::1"}
{"message":"Route Not Found","path":"/api/admin/profile","method":"GET","timestamp":"2026-05-20T06:26:50.503Z","ip":"::1"}
{"message":"Route Not Found","path":"/api/activityLogs/activity","method":"GET","timestamp":"2026-05-20T06:26:50.508Z","ip":"::1"}
{"message":"Route Not Found","path":"/api/admin/profile","method":"GET","timestamp":"2026-05-20T06:26:50.512Z","ip":"::1"}
{"message":"Route Not Found","path":"/api/activityLogs/activity","method":"GET","timestamp":"2026-05-20T06:26:50.519Z","ip":"::1"}
{"message":"Route Not Found","path":"/api/admin/security","method":"GET","timestamp":"2026-05-20T06:26:52.861Z","ip":"::1"}
{"message":"Route Not Found","path":"/api/activityLogs/activity","method":"GET","timestamp":"2026-05-20T06:26:52.869Z","ip":"::1"}
{"message":"Route Not Found","path":"/api/admin/security","method":"GET","timestamp":"2026-05-20T06:26:52.886Z","ip":"::1"}
{"message":"Route Not Found","path":"/api/activityLogs/activity","method":"GET","timestamp":"2026-05-20T06:26:52.896Z","ip":"::1"}
{"message":"Route Not Found","path":"/api/admin/security","method":"GET","timestamp":"2026-05-20T06:26:53.122Z","ip":"::1"}
{"message":"Route Not Found","path":"/api/activityLogs/activity","method":"GET","timestamp":"2026-05-20T06:26:53.125Z","ip":"::1"}
{"message":"Route Not Found","path":"/api/admin/security","method":"GET","timestamp":"2026-05-20T06:26:53.128Z","ip":"::1"}
{"message":"Route Not Found","path":"/api/activityLogs/activity","method":"GET","timestamp":"2026-05-20T06:26:53.135Z","ip":"::1"}
{"message":"Route Not Found","path":"/api/admin/security","method":"GET","timestamp":"2026-05-20T06:26:55.185Z","ip":"::1"}
{"message":"Route Not Found","path":"/api/activityLogs/activity","method":"GET","timestamp":"2026-05-20T06:26:55.188Z","ip":"::1"}
{"message":"Route Not Found","path":"/api/admin/security","method":"GET","timestamp":"2026-05-20T06:26:55.190Z","ip":"::1"}
{"message":"Route Not Found","path":"/api/activityLogs/activity","method":"GET","timestamp":"2026-05-20T06:26:55.192Z","ip":"::1"}
{"message":"Route Not Found","path":"/api/admin/security","method":"GET","timestamp":"2026-05-20T06:26:55.471Z","ip":"::1"}
{"message":"Route Not Found","path":"/api/activityLogs/activity","method":"GET","timestamp":"2026-05-20T06:26:55.474Z","ip":"::1"}
{"message":"Route Not Found","path":"/api/admin/security","method":"GET","timestamp":"2026-05-20T06:26:55.477Z","ip":"::1"}
{"message":"Route Not Found","path":"/api/activityLogs/activity","method":"GET","timestamp":"2026-05-20T06:26:55.479Z","ip":"::1"}
{"message":"Route Not Found","path":"/api/admin/security","method":"GET","timestamp":"2026-05-20T06:26:57.522Z","ip":"::1"}
{"message":"Route Not Found","path":"/api/activityLogs/activity","method":"GET","timestamp":"2026-05-20T06:26:57.526Z","ip":"::1"}
{"message":"Route Not Found","path":"/api/admin/security","method":"GET","timestamp":"2026-05-20T06:26:57.528Z","ip":"::1"}
{"message":"Route Not Found","path":"/api/activityLogs/activity","method":"GET","timestamp":"2026-05-20T06:26:57.532Z","ip":"::1"}
{"message":"Route Not Found","path":"/api/admin/security","method":"GET","timestamp":"2026-05-20T06:26:57.822Z","ip":"::1"}
{"message":"Route Not Found","path":"/api/activityLogs/activity","method":"GET","timestamp":"2026-05-20T06:26:57.825Z","ip":"::1"}
{"message":"Route Not Found","path":"/api/admin/security","method":"GET","timestamp":"2026-05-20T06:26:57.834Z","ip":"::1"}
{"message":"Route Not Found","path":"/api/activityLogs/activity","method":"GET","timestamp":"2026-05-20T06:26:57.837Z","ip":"::1"}
{"message":"Route Not Found","path":"/api/admin/security","method":"GET","timestamp":"2026-05-20T06:26:59.894Z","ip":"::1"}
{"message":"Route Not Found","path":"/api/activityLogs/activity","method":"GET","timestamp":"2026-05-20T06:26:59.897Z","ip":"::1"}
{"message":"Route Not Found","path":"/api/admin/security","method":"GET","timestamp":"2026-05-20T06:26:59.899Z","ip":"::1"}
{"message":"Route Not Found","path":"/api/activityLogs/activity","method":"GET","timestamp":"2026-05-20T06:26:59.902Z","ip":"::1"}
{"message":"Route Not Found","path":"/api/admin/security","method":"GET","timestamp":"2026-05-20T06:27:00.186Z","ip":"::1"}
{"message":"Route Not Found","path":"/api/activityLogs/activity","method":"GET","timestamp":"2026-05-20T06:27:00.191Z","ip":"::1"}
{"message":"Route Not Found","path":"/api/admin/security","method":"GET","timestamp":"2026-05-20T06:27:00.193Z","ip":"::1"}
{"message":"Route Not Found","path":"/api/activityLogs/activity","method":"GET","timestamp":"2026-05-20T06:27:00.196Z","ip":"::1"}
{"message":"Route Not Found","path":"/api/admin/security","method":"GET","timestamp":"2026-05-20T06:27:02.226Z","ip":"::1"}
{"message":"Route Not Found","path":"/api/activityLogs/activity","method":"GET","timestamp":"2026-05-20T06:27:02.229Z","ip":"::1"}
{"message":"Route Not Found","path":"/api/admin/security","method":"GET","timestamp":"2026-05-20T06:27:02.233Z","ip":"::1"}
{"message":"Route Not Found","path":"/api/activityLogs/activity","method":"GET","timestamp":"2026-05-20T06:27:02.235Z","ip":"::1"}
{"message":"Route Not Found","path":"/api/admin/security","method":"GET","timestamp":"2026-05-20T06:27:02.511Z","ip":"::1"}
{"message":"Route Not Found","path":"/api/activityLogs/activity","method":"GET","timestamp":"2026-05-20T06:27:02.514Z","ip":"::1"}
{"message":"Route Not Found","path":"/api/admin/security","method":"GET","timestamp":"2026-05-20T06:27:02.516Z","ip":"::1"}
{"message":"Route Not Found","path":"/api/activityLogs/activity","method":"GET","timestamp":"2026-05-20T06:27:02.519Z","ip":"::1"}
{"message":"Route Not Found","path":"/api/admin/security","method":"GET","timestamp":"2026-05-20T06:27:04.557Z","ip":"::1"}
{"message":"Route Not Found","path":"/api/activityLogs/activity","method":"GET","timestamp":"2026-05-20T06:27:04.560Z","ip":"::1"}
{"message":"Route Not Found","path":"/api/admin/security","method":"GET","timestamp":"2026-05-20T06:27:04.562Z","ip":"::1"}
{"message":"Route Not Found","path":"/api/activityLogs/activity","method":"GET","timestamp":"2026-05-20T06:27:04.563Z","ip":"::1"}
{"message":"Route Not Found","path":"/api/admin/security","method":"GET","timestamp":"2026-05-20T06:27:04.821Z","ip":"::1"}
{"message":"Route Not Found","path":"/api/activityLogs/activity","method":"GET","timestamp":"2026-05-20T06:27:04.824Z","ip":"::1"}
{"message":"Route Not Found","path":"/api/admin/security","method":"GET","timestamp":"2026-05-20T06:27:04.826Z","ip":"::1"}
{"message":"Route Not Found","path":"/api/activityLogs/activity","method":"GET","timestamp":"2026-05-20T06:27:04.829Z","ip":"::1"}
{"message":"Route Not Found","path":"/api/admin/security","method":"GET","timestamp":"2026-05-20T06:27:06.906Z","ip":"::1"}
{"message":"Route Not Found","path":"/api/activityLogs/activity","method":"GET","timestamp":"2026-05-20T06:27:06.908Z","ip":"::1"}
{"message":"Route Not Found","path":"/api/admin/security","method":"GET","timestamp":"2026-05-20T06:27:06.910Z","ip":"::1"}
{"message":"Route Not Found","path":"/api/activityLogs/activity","method":"GET","timestamp":"2026-05-20T06:27:06.913Z","ip":"::1"}
{"message":"Route Not Found","path":"/api/admin/security","method":"GET","timestamp":"2026-05-20T06:27:07.152Z","ip":"::1"}
{"message":"Route Not Found","path":"/api/activityLogs/activity","method":"GET","timestamp":"2026-05-20T06:27:07.155Z","ip":"::1"}
{"message":"Route Not Found","path":"/api/admin/security","method":"GET","timestamp":"2026-05-20T06:27:07.157Z","ip":"::1"}
{"message":"Route Not Found","path":"/api/activityLogs/activity","method":"GET","timestamp":"2026-05-20T06:27:07.160Z","ip":"::1"}
{"message":"Route Not Found","path":"/api/admin/security","method":"GET","timestamp":"2026-05-20T06:27:09.238Z","ip":"::1"}
{"message":"Route Not Found","path":"/api/activityLogs/activity","method":"GET","timestamp":"2026-05-20T06:27:09.240Z","ip":"::1"}
{"message":"Route Not Found","path":"/api/admin/security","method":"GET","timestamp":"2026-05-20T06:27:09.243Z","ip":"::1"}
{"message":"Route Not Found","path":"/api/activityLogs/activity","method":"GET","timestamp":"2026-05-20T06:27:09.246Z","ip":"::1"}
{"message":"Route Not Found","path":"/api/admin/security","method":"GET","timestamp":"2026-05-20T06:27:09.490Z","ip":"::1"}
{"message":"Route Not Found","path":"/api/activityLogs/activity","method":"GET","timestamp":"2026-05-20T06:27:09.492Z","ip":"::1"}
{"message":"Route Not Found","path":"/api/admin/security","method":"GET","timestamp":"2026-05-20T06:27:09.495Z","ip":"::1"}
{"message":"Route Not Found","path":"/api/activityLogs/activity","method":"GET","timestamp":"2026-05-20T06:27:09.499Z","ip":"::1"}
{"message":"Route Not Found","path":"/api/admin/security","method":"GET","timestamp":"2026-05-20T06:27:11.550Z","ip":"::1"}
{"message":"Route Not Found","path":"/api/activityLogs/activity","method":"GET","timestamp":"2026-05-20T06:27:11.554Z","ip":"::1"}
{"message":"Route Not Found","path":"/api/admin/security","method":"GET","timestamp":"2026-05-20T06:27:11.556Z","ip":"::1"}
{"message":"Route Not Found","path":"/api/activityLogs/activity","method":"GET","timestamp":"2026-05-20T06:27:11.559Z","ip":"::1"}
{"message":"Route Not Found","path":"/api/admin/security","method":"GET","timestamp":"2026-05-20T06:27:11.826Z","ip":"::1"}
{"message":"Route Not Found","path":"/api/activityLogs/activity","method":"GET","timestamp":"2026-05-20T06:27:11.829Z","ip":"::1"}
{"message":"Route Not Found","path":"/api/admin/security","method":"GET","timestamp":"2026-05-20T06:27:11.831Z","ip":"::1"}
{"message":"Route Not Found","path":"/api/activityLogs/activity","method":"GET","timestamp":"2026-05-20T06:27:11.835Z","ip":"::1"}
{"message":"Route Not Found","path":"/api/admin/security","method":"GET","timestamp":"2026-05-20T06:27:13.906Z","ip":"::1"}
{"message":"Route Not Found","path":"/api/activityLogs/activity","method":"GET","timestamp":"2026-05-20T06:27:13.908Z","ip":"::1"}
{"message":"Route Not Found","path":"/api/admin/security","method":"GET","timestamp":"2026-05-20T06:27:13.911Z","ip":"::1"}
{"message":"Route Not Found","path":"/api/activityLogs/activity","method":"GET","timestamp":"2026-05-20T06:27:13.912Z","ip":"::1"}
{"message":"Route Not Found","path":"/api/admin/security","method":"GET","timestamp":"2026-05-20T06:27:14.186Z","ip":"::1"}
{"message":"Route Not Found","path":"/api/activityLogs/activity","method":"GET","timestamp":"2026-05-20T06:27:14.188Z","ip":"::1"}
{"message":"Route Not Found","path":"/api/admin/security","method":"GET","timestamp":"2026-05-20T06:27:14.194Z","ip":"::1"}
{"message":"Route Not Found","path":"/api/activityLogs/activity","method":"GET","timestamp":"2026-05-20T06:27:14.199Z","ip":"::1"}
{"message":"Route Not Found","path":"/api/admin/security","method":"GET","timestamp":"2026-05-20T06:27:16.636Z","ip":"::1"}
{"message":"Route Not Found","path":"/api/activityLogs/activity","method":"GET","timestamp":"2026-05-20T06:27:16.641Z","ip":"::1"}
{"message":"Route Not Found","path":"/api/admin/security","method":"GET","timestamp":"2026-05-20T06:27:16.651Z","ip":"::1"}
{"message":"Route Not Found","path":"/api/activityLogs/activity","method":"GET","timestamp":"2026-05-20T06:27:16.663Z","ip":"::1"}
{"message":"Route Not Found","path":"/api/admin/security","method":"GET","timestamp":"2026-05-20T06:27:16.920Z","ip":"::1"}
{"message":"Route Not Found","path":"/api/activityLogs/activity","method":"GET","timestamp":"2026-05-20T06:27:16.924Z","ip":"::1"}
{"message":"Route Not Found","path":"/api/admin/security","method":"GET","timestamp":"2026-05-20T06:27:16.937Z","ip":"::1"}
{"message":"Route Not Found","path":"/api/activityLogs/activity","method":"GET","timestamp":"2026-05-20T06:27:16.945Z","ip":"::1"}
{"message":"Route Not Found","path":"/api/admin/security","method":"GET","timestamp":"2026-05-20T06:27:18.738Z","ip":"::1"}
{"message":"Route Not Found","path":"/api/activityLogs/activity","method":"GET","timestamp":"2026-05-20T06:27:18.750Z","ip":"::1"}
{"message":"Route Not Found","path":"/api/admin/security","method":"GET","timestamp":"2026-05-20T06:27:18.753Z","ip":"::1"}
{"message":"Route Not Found","path":"/api/activityLogs/activity","method":"GET","timestamp":"2026-05-20T06:27:18.767Z","ip":"::1"}
{"message":"Route Not Found","path":"/api/admin/security","method":"GET","timestamp":"2026-05-20T06:27:19.085Z","ip":"::1"}
{"message":"Route Not Found","path":"/api/activityLogs/activity","method":"GET","timestamp":"2026-05-20T06:27:19.088Z","ip":"::1"}
{"message":"Route Not Found","path":"/api/admin/security","method":"GET","timestamp":"2026-05-20T06:27:19.091Z","ip":"::1"}
{"message":"Route Not Found","path":"/api/activityLogs/activity","method":"GET","timestamp":"2026-05-20T06:27:19.095Z","ip":"::1"}
{"message":"Route Not Found","path":"/api/admin/security","method":"GET","timestamp":"2026-05-20T06:27:20.937Z","ip":"::1"}
{"message":"Route Not Found","path":"/api/activityLogs/activity","method":"GET","timestamp":"2026-05-20T06:27:20.941Z","ip":"::1"}
{"message":"Route Not Found","path":"/api/admin/security","method":"GET","timestamp":"2026-05-20T06:27:20.943Z","ip":"::1"}
{"message":"Route Not Found","path":"/api/activityLogs/activity","method":"GET","timestamp":"2026-05-20T06:27:20.945Z","ip":"::1"}
{"message":"Route Not Found","path":"/api/admin/security","method":"GET","timestamp":"2026-05-20T06:27:21.197Z","ip":"::1"}
{"message":"Route Not Found","path":"/api/activityLogs/activity","method":"GET","timestamp":"2026-05-20T06:27:21.200Z","ip":"::1"}
{"message":"Route Not Found","path":"/api/admin/security","method":"GET","timestamp":"2026-05-20T06:27:21.202Z","ip":"::1"}
{"message":"Route Not Found","path":"/api/activityLogs/activity","method":"GET","timestamp":"2026-05-20T06:27:21.205Z","ip":"::1"}
{"message":"Route Not Found","path":"/api/admin/security","method":"GET","timestamp":"2026-05-20T06:27:23.259Z","ip":"::1"}
{"message":"Route Not Found","path":"/api/activityLogs/activity","method":"GET","timestamp":"2026-05-20T06:27:23.261Z","ip":"::1"}
{"message":"Route Not Found","path":"/api/admin/security","method":"GET","timestamp":"2026-05-20T06:27:23.264Z","ip":"::1"}
{"message":"Route Not Found","path":"/api/activityLogs/activity","method":"GET","timestamp":"2026-05-20T06:27:23.266Z","ip":"::1"}
{"message":"Route Not Found","path":"/api/admin/security","method":"GET","timestamp":"2026-05-20T06:27:23.534Z","ip":"::1"}
{"message":"Route Not Found","path":"/api/activityLogs/activity","method":"GET","timestamp":"2026-05-20T06:27:23.537Z","ip":"::1"}
{"message":"Route Not Found","path":"/api/admin/security","method":"GET","timestamp":"2026-05-20T06:27:23.540Z","ip":"::1"}
{"message":"Route Not Found","path":"/api/activityLogs/activity","method":"GET","timestamp":"2026-05-20T06:27:23.542Z","ip":"::1"}
{"message":"Route Not Found","path":"/api/admin/security","method":"GET","timestamp":"2026-05-20T06:27:25.587Z","ip":"::1"}
{"message":"Route Not Found","path":"/api/activityLogs/activity","method":"GET","timestamp":"2026-05-20T06:27:25.590Z","ip":"::1"}
{"message":"Route Not Found","path":"/api/admin/security","method":"GET","timestamp":"2026-05-20T06:27:25.592Z","ip":"::1"}
{"message":"Route Not Found","path":"/api/activityLogs/activity","method":"GET","timestamp":"2026-05-20T06:27:25.594Z","ip":"::1"}
{"message":"Route Not Found","path":"/api/admin/security","method":"GET","timestamp":"2026-05-20T06:27:25.869Z","ip":"::1"}
{"message":"Route Not Found","path":"/api/activityLogs/activity","method":"GET","timestamp":"2026-05-20T06:27:25.871Z","ip":"::1"}
{"message":"Route Not Found","path":"/api/admin/security","method":"GET","timestamp":"2026-05-20T06:27:25.873Z","ip":"::1"}
{"message":"Route Not Found","path":"/api/activityLogs/activity","method":"GET","timestamp":"2026-05-20T06:27:25.876Z","ip":"::1"}
{"message":"Route Not Found","path":"/api/admin/security","method":"GET","timestamp":"2026-05-20T06:27:27.932Z","ip":"::1"}
{"message":"Route Not Found","path":"/api/activityLogs/activity","method":"GET","timestamp":"2026-05-20T06:27:27.936Z","ip":"::1"}
{"message":"Route Not Found","path":"/api/admin/security","method":"GET","timestamp":"2026-05-20T06:27:27.939Z","ip":"::1"}
{"message":"Route Not Found","path":"/api/activityLogs/activity","method":"GET","timestamp":"2026-05-20T06:27:27.940Z","ip":"::1"}
{"message":"Route Not Found","path":"/api/admin/security","method":"GET","timestamp":"2026-05-20T06:27:28.242Z","ip":"::1"}
{"message":"Route Not Found","path":"/api/activityLogs/activity","method":"GET","timestamp":"2026-05-20T06:27:28.247Z","ip":"::1"}
{"message":"Route Not Found","path":"/api/admin/security","method":"GET","timestamp":"2026-05-20T06:27:28.249Z","ip":"::1"}
{"message":"Route Not Found","path":"/api/activityLogs/activity","method":"GET","timestamp":"2026-05-20T06:27:28.252Z","ip":"::1"}
{"message":"Route Not Found","path":"/api/admin/security","method":"GET","timestamp":"2026-05-20T06:27:30.248Z","ip":"::1"}
{"message":"Route Not Found","path":"/api/activityLogs/activity","method":"GET","timestamp":"2026-05-20T06:27:30.251Z","ip":"::1"}
{"message":"Route Not Found","path":"/api/admin/security","method":"GET","timestamp":"2026-05-20T06:27:30.255Z","ip":"::1"}
{"message":"Route Not Found","path":"/api/activityLogs/activity","method":"GET","timestamp":"2026-05-20T06:27:30.257Z","ip":"::1"}
{"message":"Route Not Found","path":"/api/admin/security","method":"GET","timestamp":"2026-05-20T06:27:30.574Z","ip":"::1"}
{"message":"Route Not Found","path":"/api/activityLogs/activity","method":"GET","timestamp":"2026-05-20T06:27:30.578Z","ip":"::1"}
{"message":"Route Not Found","path":"/api/admin/security","method":"GET","timestamp":"2026-05-20T06:27:30.581Z","ip":"::1"}
{"message":"Route Not Found","path":"/api/activityLogs/activity","method":"GET","timestamp":"2026-05-20T06:27:30.582Z","ip":"::1"}
{"message":"Route Not Found","path":"/api/admin/security","method":"GET","timestamp":"2026-05-20T06:27:32.617Z","ip":"::1"}
{"message":"Route Not Found","path":"/api/activityLogs/activity","method":"GET","timestamp":"2026-05-20T06:27:32.621Z","ip":"::1"}
{"message":"Route Not Found","path":"/api/admin/security","method":"GET","timestamp":"2026-05-20T06:27:32.623Z","ip":"::1"}
{"message":"Route Not Found","path":"/api/activityLogs/activity","method":"GET","timestamp":"2026-05-20T06:27:32.625Z","ip":"::1"}
{"message":"Route Not Found","path":"/api/admin/security","method":"GET","timestamp":"2026-05-20T06:27:32.944Z","ip":"::1"}
{"message":"Route Not Found","path":"/api/activityLogs/activity","method":"GET","timestamp":"2026-05-20T06:27:32.947Z","ip":"::1"}
{"message":"Route Not Found","path":"/api/admin/security","method":"GET","timestamp":"2026-05-20T06:27:32.950Z","ip":"::1"}
{"message":"Route Not Found","path":"/api/activityLogs/activity","method":"GET","timestamp":"2026-05-20T06:27:32.952Z","ip":"::1"}
{"message":"Route Not Found","path":"/api/admin/security","method":"GET","timestamp":"2026-05-20T06:27:34.935Z","ip":"::1"}
{"message":"Route Not Found","path":"/api/activityLogs/activity","method":"GET","timestamp":"2026-05-20T06:27:34.937Z","ip":"::1"}
{"message":"Route Not Found","path":"/api/admin/security","method":"GET","timestamp":"2026-05-20T06:27:34.938Z","ip":"::1"}
{"message":"Route Not Found","path":"/api/activityLogs/activity","method":"GET","timestamp":"2026-05-20T06:27:34.940Z","ip":"::1"}
{"message":"Route Not Found","path":"/api/admin/security","method":"GET","timestamp":"2026-05-20T06:27:35.258Z","ip":"::1"}
{"message":"Route Not Found","path":"/api/activityLogs/activity","method":"GET","timestamp":"2026-05-20T06:27:35.259Z","ip":"::1"}
{"message":"Route Not Found","path":"/api/admin/security","method":"GET","timestamp":"2026-05-20T06:27:35.261Z","ip":"::1"}
{"message":"Route Not Found","path":"/api/activityLogs/activity","method":"GET","timestamp":"2026-05-20T06:27:35.262Z","ip":"::1"}
{"message":"Route Not Found","path":"/api/admin/security","method":"GET","timestamp":"2026-05-20T06:27:37.290Z","ip":"::1"}
{"message":"Route Not Found","path":"/api/activityLogs/activity","method":"GET","timestamp":"2026-05-20T06:27:37.292Z","ip":"::1"}
{"message":"Route Not Found","path":"/api/admin/security","method":"GET","timestamp":"2026-05-20T06:27:37.295Z","ip":"::1"}
{"message":"Route Not Found","path":"/api/activityLogs/activity","method":"GET","timestamp":"2026-05-20T06:27:37.298Z","ip":"::1"}
{"message":"Route Not Found","path":"/api/admin/security","method":"GET","timestamp":"2026-05-20T06:27:37.586Z","ip":"::1"}
{"message":"Route Not Found","path":"/api/activityLogs/activity","method":"GET","timestamp":"2026-05-20T06:27:37.588Z","ip":"::1"}
{"message":"Route Not Found","path":"/api/admin/security","method":"GET","timestamp":"2026-05-20T06:27:37.590Z","ip":"::1"}
{"message":"Route Not Found","path":"/api/activityLogs/activity","method":"GET","timestamp":"2026-05-20T06:27:37.593Z","ip":"::1"}
{"message":"Route Not Found","path":"/api/admin/security","method":"GET","timestamp":"2026-05-20T06:27:39.617Z","ip":"::1"}
{"message":"Route Not Found","path":"/api/activityLogs/activity","method":"GET","timestamp":"2026-05-20T06:27:39.620Z","ip":"::1"}
{"message":"Route Not Found","path":"/api/admin/security","method":"GET","timestamp":"2026-05-20T06:27:39.622Z","ip":"::1"}
{"message":"Route Not Found","path":"/api/activityLogs/activity","method":"GET","timestamp":"2026-05-20T06:27:39.625Z","ip":"::1"}
{"message":"Route Not Found","path":"/api/admin/security","method":"GET","timestamp":"2026-05-20T06:27:39.955Z","ip":"::1"}
{"message":"Route Not Found","path":"/api/activityLogs/activity","method":"GET","timestamp":"2026-05-20T06:27:39.957Z","ip":"::1"}
{"message":"Route Not Found","path":"/api/admin/security","method":"GET","timestamp":"2026-05-20T06:27:39.962Z","ip":"::1"}
{"message":"Route Not Found","path":"/api/activityLogs/activity","method":"GET","timestamp":"2026-05-20T06:27:39.969Z","ip":"::1"}
{"message":"Route Not Found","path":"/api/admin/security","method":"GET","timestamp":"2026-05-20T06:27:41.942Z","ip":"::1"}
{"message":"Route Not Found","path":"/api/activityLogs/activity","method":"GET","timestamp":"2026-05-20T06:27:41.947Z","ip":"::1"}
{"message":"Route Not Found","path":"/api/admin/security","method":"GET","timestamp":"2026-05-20T06:27:41.949Z","ip":"::1"}
{"message":"Route Not Found","path":"/api/activityLogs/activity","method":"GET","timestamp":"2026-05-20T06:27:41.951Z","ip":"::1"}
{"message":"Route Not Found","path":"/api/admin/security","method":"GET","timestamp":"2026-05-20T06:27:42.286Z","ip":"::1"}
{"message":"Route Not Found","path":"/api/activityLogs/activity","method":"GET","timestamp":"2026-05-20T06:27:42.288Z","ip":"::1"}
{"message":"Route Not Found","path":"/api/admin/security","method":"GET","timestamp":"2026-05-20T06:27:42.290Z","ip":"::1"}
{"message":"Route Not Found","path":"/api/activityLogs/activity","method":"GET","timestamp":"2026-05-20T06:27:42.293Z","ip":"::1"}
{"message":"Route Not Found","path":"/api/admin/security","method":"GET","timestamp":"2026-05-20T06:27:44.314Z","ip":"::1"}
{"message":"Route Not Found","path":"/api/activityLogs/activity","method":"GET","timestamp":"2026-05-20T06:27:44.317Z","ip":"::1"}
{"message":"Route Not Found","path":"/api/admin/security","method":"GET","timestamp":"2026-05-20T06:27:44.321Z","ip":"::1"}
{"message":"Route Not Found","path":"/api/activityLogs/activity","method":"GET","timestamp":"2026-05-20T06:27:44.323Z","ip":"::1"}
{"message":"Route Not Found","path":"/api/admin/security","method":"GET","timestamp":"2026-05-20T06:27:44.633Z","ip":"::1"}
{"message":"Route Not Found","path":"/api/activityLogs/activity","method":"GET","timestamp":"2026-05-20T06:27:44.635Z","ip":"::1"}
{"message":"Route Not Found","path":"/api/admin/security","method":"GET","timestamp":"2026-05-20T06:27:44.637Z","ip":"::1"}
{"message":"Route Not Found","path":"/api/activityLogs/activity","method":"GET","timestamp":"2026-05-20T06:27:44.638Z","ip":"::1"}
{"message":"Route Not Found","path":"/api/admin/security","method":"GET","timestamp":"2026-05-20T06:27:46.606Z","ip":"::1"}
{"message":"Route Not Found","path":"/api/activityLogs/activity","method":"GET","timestamp":"2026-05-20T06:27:46.608Z","ip":"::1"}
{"message":"Route Not Found","path":"/api/admin/security","method":"GET","timestamp":"2026-05-20T06:27:46.611Z","ip":"::1"}
{"message":"Route Not Found","path":"/api/activityLogs/activity","method":"GET","timestamp":"2026-05-20T06:27:46.614Z","ip":"::1"}
{"message":"Route Not Found","path":"/api/admin/security","method":"GET","timestamp":"2026-05-20T06:27:46.962Z","ip":"::1"}
{"message":"Route Not Found","path":"/api/activityLogs/activity","method":"GET","timestamp":"2026-05-20T06:27:46.964Z","ip":"::1"}
{"message":"Route Not Found","path":"/api/admin/security","method":"GET","timestamp":"2026-05-20T06:27:46.966Z","ip":"::1"}
{"message":"Route Not Found","path":"/api/activityLogs/activity","method":"GET","timestamp":"2026-05-20T06:27:46.967Z","ip":"::1"}
{"message":"Route Not Found","path":"/favicon.ico","method":"GET","timestamp":"2026-06-20T12:07:01.613Z","ip":"::1"}
{"message":"Route Not Found","path":"/api/products","method":"GET","timestamp":"2026-06-20T12:23:17.544Z","ip":"::1"}
